\BOOKMARK [1][-]{section.1}{\376\377\000I\000n\000t\000r\000o\000d\000u\000c\000t\000i\000o\000n}{}% 1
\BOOKMARK [2][-]{subsection.1.1}{\376\377\000C\000o\000n\000t\000r\000i\000b\000u\000t\000i\000o\000n\000s}{section.1}% 2
\BOOKMARK [1][-]{section.2}{\376\377\000T\000h\000e\000\040\000M\000i\000s\000s\000i\000n\000g\000\040\000L\000a\000y\000e\000r}{}% 3
\BOOKMARK [1][-]{section.3}{\376\377\000A\000d\000j\000a\000c\000e\000n\000t\000\040\000S\000y\000s\000t\000e\000m\000s\000\040\000a\000n\000d\000\040\000N\000o\000v\000e\000l\000t\000y\000\040\000B\000o\000u\000n\000d\000a\000r\000y}{}% 4
\BOOKMARK [1][-]{section.4}{\376\377\000R\000e\000q\000u\000i\000r\000e\000m\000e\000n\000t\000s\000\040\000a\000n\000d\000\040\000T\000h\000r\000e\000a\000t\000\040\000M\000o\000d\000e\000l}{}% 5
\BOOKMARK [2][-]{subsection.4.1}{\376\377\000D\000e\000s\000i\000g\000n\000\040\000r\000e\000q\000u\000i\000r\000e\000m\000e\000n\000t\000s}{section.4}% 6
\BOOKMARK [2][-]{subsection.4.2}{\376\377\000A\000d\000v\000e\000r\000s\000a\000r\000i\000e\000s\000\040\000a\000n\000d\000\040\000n\000o\000n\000-\000g\000o\000a\000l\000s}{section.4}% 7
\BOOKMARK [1][-]{section.5}{\376\377\000T\000h\000e\000\040\000G\000o\000v\000e\000r\000n\000e\000d\000\040\000E\000x\000c\000h\000a\000n\000g\000e}{}% 8
\BOOKMARK [2][-]{subsection.5.1}{\376\377\000A\000r\000c\000h\000i\000t\000e\000c\000t\000u\000r\000e\000\040\000a\000n\000d\000\040\000p\000e\000e\000r\000s}{section.5}% 9
\BOOKMARK [2][-]{subsection.5.2}{\376\377\000W\000h\000y\000\040\000t\000h\000i\000s\000\040\000i\000s\000\040\000a\000\040\000p\000r\000o\000t\000o\000c\000o\000l\000,\000\040\000n\000o\000t\000\040\000a\000\040\000l\000a\000r\000g\000e\000r\000\040\000l\000o\000g\000\040\000s\000c\000h\000e\000m\000a}{section.5}% 10
\BOOKMARK [2][-]{subsection.5.3}{\376\377\000T\000r\000a\000n\000s\000p\000o\000r\000t\000\040\000a\000n\000d\000\040\000r\000e\000p\000r\000e\000s\000e\000n\000t\000a\000t\000i\000o\000n}{section.5}% 11
\BOOKMARK [1][-]{section.6}{\376\377\000H\000o\000w\000\040\000a\000n\000\040\000E\000x\000c\000h\000a\000n\000g\000e\000\040\000E\000a\000r\000n\000s\000\040\000t\000h\000e\000\040\000R\000i\000g\000h\000t\000\040\000t\000o\000\040\000A\000d\000v\000a\000n\000c\000e}{}% 12
\BOOKMARK [2][-]{subsection.6.1}{\376\377\000I\000d\000e\000n\000t\000i\000t\000y\000,\000\040\000s\000e\000s\000s\000i\000o\000n\000s\000,\000\040\000a\000n\000d\000\040\000C\000a\000p\000a\000b\000i\000l\000i\000t\000y\000\040\000L\000e\000a\000s\000e\000s}{section.6}% 13
\BOOKMARK [2][-]{subsection.6.2}{\376\377\000P\000o\000l\000i\000c\000y\000\040\000E\000p\000o\000c\000h\000\040\000a\000n\000d\000\040\000R\000e\000l\000a\000y\000\040\000V\000e\000r\000d\000i\000c\000t}{section.6}% 14
\BOOKMARK [2][-]{subsection.6.3}{\376\377\000E\000x\000c\000h\000a\000n\000g\000e\000\040\000l\000i\000f\000e\000c\000y\000c\000l\000e}{section.6}% 15
\BOOKMARK [2][-]{subsection.6.4}{\376\377\000S\000e\000r\000v\000e\000r\000-\000a\000u\000t\000h\000o\000r\000i\000t\000a\000t\000i\000v\000e\000\040\000m\000o\000d\000e\000l\000\040\000r\000e\000s\000o\000l\000u\000t\000i\000o\000n}{section.6}% 16
\BOOKMARK [2][-]{subsection.6.5}{\376\377\000T\000o\000o\000l\000\040\000a\000u\000t\000h\000o\000r\000i\000t\000y\000\040\000a\000n\000d\000\040\000p\000r\000o\000m\000p\000t\000\040\000i\000n\000j\000e\000c\000t\000i\000o\000n}{section.6}% 17
\BOOKMARK [1][-]{section.7}{\376\377\000C\000a\000u\000s\000a\000l\000\040\000P\000r\000o\000v\000e\000n\000a\000n\000c\000e\000\040\000a\000n\000d\000\040\000R\000e\000c\000e\000i\000p\000t\000s}{}% 18
\BOOKMARK [1][-]{section.8}{\376\377\000F\000r\000o\000m\000\040\000D\000e\000s\000i\000g\000n\000\040\000t\000o\000\040\000a\000\040\000R\000u\000n\000n\000i\000n\000g\000\040\000E\000x\000c\000h\000a\000n\000g\000e}{}% 19
\BOOKMARK [1][-]{section.9}{\376\377\000E\000v\000a\000l\000u\000a\000t\000i\000o\000n\000:\000\040\000W\000h\000a\000t\000\040\000M\000u\000s\000t\000\040\000B\000e\000\040\000T\000r\000u\000e\000\040\000f\000o\000r\000\040\000P\000A\000P\000E\000R\000\040\000t\000o\000\040\000M\000a\000t\000t\000e\000r\000?}{}% 20
\BOOKMARK [2][-]{subsection.9.1}{\376\377\000B\000a\000s\000e\000l\000i\000n\000e\000s}{section.9}% 21
\BOOKMARK [2][-]{subsection.9.2}{\376\377\000S\000e\000c\000u\000r\000i\000t\000y\000\040\000a\000n\000d\000\040\000p\000r\000o\000v\000e\000n\000a\000n\000c\000e\000\040\000e\000x\000p\000e\000r\000i\000m\000e\000n\000t\000s}{section.9}% 22
\BOOKMARK [1][-]{section.10}{\376\377\000P\000r\000e\000l\000i\000m\000i\000n\000a\000r\000y\000\040\000R\000e\000s\000u\000l\000t\000s\000:\000\040\000A\000r\000e\000\040\000t\000h\000e\000\040\000P\000r\000o\000t\000o\000c\000o\000l\000\040\000P\000r\000i\000m\000i\000t\000i\000v\000e\000s\000\040\000O\000b\000v\000i\000o\000u\000s\000l\000y\000\040\000T\000o\000o\000\040\000E\000x\000p\000e\000n\000s\000i\000v\000e\000?}{}% 23
\BOOKMARK [2][-]{subsection.10.1}{\376\377\000E\000x\000p\000e\000r\000i\000m\000e\000n\000t\000a\000l\000\040\000s\000e\000t\000u\000p}{section.10}% 24
\BOOKMARK [2][-]{subsection.10.2}{\376\377\000I\000n\000t\000e\000r\000p\000r\000e\000t\000a\000t\000i\000o\000n}{section.10}% 25
\BOOKMARK [1][-]{section.11}{\376\377\000W\000h\000a\000t\000\040\000P\000A\000P\000E\000R\000\040\000C\000h\000a\000n\000g\000e\000s\040\024\000a\000n\000d\000\040\000W\000h\000a\000t\000\040\000I\000t\000\040\000D\000o\000e\000s\000\040\000N\000o\000t}{}% 26
\BOOKMARK [1][-]{section.12}{\376\377\000S\000e\000c\000u\000r\000i\000t\000y\000\040\000C\000o\000n\000s\000e\000q\000u\000e\000n\000c\000e\000s\000\040\000o\000f\000\040\000E\000x\000t\000e\000r\000n\000a\000l\000i\000z\000i\000n\000g\000\040\000A\000u\000t\000h\000o\000r\000i\000t\000y}{}% 27
\BOOKMARK [1][-]{section.13}{\376\377\000C\000a\000n\000\040\000T\000h\000i\000s\000\040\000R\000e\000p\000l\000a\000c\000e\000\040\000a\000\040\000G\000a\000t\000e\000w\000a\000y\000\040\000W\000i\000t\000h\000o\000u\000t\000\040\000a\000\040\000F\000l\000a\000g\000\040\000D\000a\000y\000?}{}% 28
\BOOKMARK [1][-]{section.14}{\376\377\000D\000i\000s\000c\000u\000s\000s\000i\000o\000n\000:\000\040\000F\000r\000o\000m\000\040\000M\000e\000s\000s\000a\000g\000e\000\040\000P\000r\000o\000t\000o\000c\000o\000l\000s\000\040\000t\000o\000\040\000C\000o\000n\000s\000e\000q\000u\000e\000n\000c\000e\000\040\000P\000r\000o\000t\000o\000c\000o\000l\000s}{}% 29
\BOOKMARK [1][-]{section.15}{\376\377\000E\000t\000h\000i\000c\000s\000:\000\040\000E\000v\000i\000d\000e\000n\000c\000e\000\040\000C\000a\000n\000\040\000B\000e\000c\000o\000m\000e\000\040\000S\000u\000r\000v\000e\000i\000l\000l\000a\000n\000c\000e}{}% 30
\BOOKMARK [1][-]{section.16}{\376\377\000R\000e\000p\000r\000o\000d\000u\000c\000i\000b\000i\000l\000i\000t\000y}{}% 31
\BOOKMARK [1][-]{section.17}{\376\377\000C\000o\000n\000c\000l\000u\000s\000i\000o\000n}{}% 32
\BOOKMARK [1][-]{appendix.A}{\376\377\000R\000e\000s\000e\000a\000r\000c\000h\000\040\000I\000n\000v\000a\000r\000i\000a\000n\000t\000\040\000C\000o\000v\000e\000r\000a\000g\000e}{}% 33
\BOOKMARK [2][-]{subsection.A.1}{\376\377\000R\000e\000q\000u\000i\000r\000e\000d\000\040\000C\000o\000m\000p\000l\000e\000t\000i\000o\000n\000\040\000E\000x\000p\000e\000r\000i\000m\000e\000n\000t\000s}{appendix.A}% 34
