\BOOKMARK [1][-]{section.1}{\376\377\301\034\270\140}{}% 1
\BOOKMARK [2][-]{subsection.1.1}{\376\377\305\360\255\154\000\040\256\060\305\354}{section.1}% 2
\BOOKMARK [1][-]{section.2}{\376\377\305\320\307\164\310\004\322\270\326\025\000\040\000A\000I\000\040\321\265\302\340\307\130\000\040\254\160\274\204\261\014\302\244\000\040\254\365\274\061}{}% 3
\BOOKMARK [1][-]{section.3}{\376\377\307\170\310\021\000\040\302\334\302\244\321\134\254\374\000\040\302\340\255\334\301\061\307\130\000\040\254\275\254\304}{}% 4
\BOOKMARK [1][-]{section.4}{\376\377\306\224\255\154\300\254\325\155\254\374\000\040\307\004\326\021\000\040\272\250\263\170}{}% 5
\BOOKMARK [2][-]{subsection.4.1}{\376\377\301\044\254\304\000\040\306\224\255\154\300\254\325\155}{section.4}% 6
\BOOKMARK [2][-]{subsection.4.2}{\376\377\254\365\254\251\307\220\306\100\000\040\276\104\272\251\324\134}{section.4}% 7
\BOOKMARK [1][-]{section.5}{\376\377\000G\000o\000v\000e\000r\000n\000e\000d\000\040\000E\000x\000c\000h\000a\000n\000g\000e}{}% 8
\BOOKMARK [2][-]{subsection.5.1}{\376\377\305\104\320\244\321\115\314\230\306\100\000\040\325\074\305\264}{section.5}% 9
\BOOKMARK [2][-]{subsection.5.2}{\376\377\325\004\270\134\321\240\317\134\000\040\311\321\325\211\254\374\000\040\300\254\326\304\000\040\270\134\256\105}{section.5}% 10
\BOOKMARK [2][-]{subsection.5.3}{\376\377\310\004\301\241\254\374\000\040\324\134\326\004}{section.5}% 11
\BOOKMARK [1][-]{section.6}{\376\377\255\214\325\134\000\040\256\060\274\030\000\040\300\301\320\334\000\040\310\004\307\164}{}% 12
\BOOKMARK [2][-]{subsection.6.1}{\376\377\302\340\306\320\000,\000\040\301\070\301\130\000,\000\040\000C\000a\000p\000a\000b\000i\000l\000i\000t\000y\000\040\000L\000e\000a\000s\000e}{section.6}% 13
\BOOKMARK [2][-]{subsection.6.2}{\376\377\000P\000o\000l\000i\000c\000y\000\040\000E\000p\000o\000c\000h\254\374\000\040\000R\000e\000l\000a\000y\000\040\000V\000e\000r\000d\000i\000c\000t}{section.6}% 14
\BOOKMARK [2][-]{subsection.6.3}{\376\377\255\120\326\130\000\040\302\030\272\205\310\374\256\060}{section.6}% 15
\BOOKMARK [2][-]{subsection.6.4}{\376\377\301\034\274\204\254\000\000\040\310\374\263\304\325\130\262\224\000\040\272\250\263\170\000\040\254\260\310\025}{section.6}% 16
\BOOKMARK [2][-]{subsection.6.5}{\376\377\263\304\255\154\000\040\255\214\325\134\254\374\000\040\325\004\270\154\325\004\322\270\000\040\307\170\310\035\301\130}{section.6}% 17
\BOOKMARK [1][-]{section.7}{\376\377\307\170\254\374\000\040\325\004\270\134\276\104\261\014\302\244\306\100\000\040\306\001\302\030\311\235}{}% 18
\BOOKMARK [1][-]{section.8}{\376\377\254\034\274\051\326\025\000\040\272\205\301\070\305\320\301\034\000\040\321\265\325\151\000\040\310\034\324\210\307\074\270\134}{}% 19
\BOOKMARK [2][-]{subsection.8.1}{\376\377\000P\000a\000t\000t\000y\000\040\000C\000o\000d\000e\000\040\321\265\325\151}{section.8}% 20
\BOOKMARK [2][-]{subsection.8.2}{\376\377\307\121\306\251\000\040\311\021\271\275\310\001\000\040\321\265\325\151}{section.8}% 21
\BOOKMARK [1][-]{section.9}{\376\377\323\311\254\000\000\040\311\310\273\070\254\374\000\040\256\060\311\000\301\040}{}% 22
\BOOKMARK [2][-]{subsection.9.1}{\376\377\256\060\311\000\301\040}{section.9}% 23
\BOOKMARK [2][-]{subsection.9.2}{\376\377\274\364\305\110\000\040\274\017\000\040\325\004\270\134\276\104\261\014\302\244\000\040\302\344\325\330}{section.9}% 24
\BOOKMARK [1][-]{section.10}{\376\377\302\334\302\244\321\134\000\040\325\165\302\354\000\040\305\360\300\260\000\040\316\041\310\025}{}% 25
\BOOKMARK [2][-]{subsection.10.1}{\376\377\302\344\325\330\000\040\326\130\254\275}{section.10}% 26
\BOOKMARK [2][-]{subsection.10.2}{\376\377\325\164\301\035}{section.10}% 27
\BOOKMARK [1][-]{section.11}{\376\377\276\104\255\120\000\040\274\224\307\004}{}% 28
\BOOKMARK [1][-]{section.12}{\376\377\272\250\263\170\254\374\000\040\302\344\325\211\000\040\255\214\325\134\307\104\000\040\275\204\271\254\325\210\307\104\000\040\265\114\307\130\000\040\274\364\305\110\000\040\326\250\254\374}{}% 29
\BOOKMARK [1][-]{section.13}{\376\377\310\020\311\304\310\001\000\040\254\214\307\164\322\270\306\350\307\164\000\040\310\004\326\130}{}% 30
\BOOKMARK [1][-]{section.14}{\376\377\261\174\307\130\000:\000\040\325\004\270\134\321\240\317\134\000\040\310\001\306\251\000\040\274\224\307\004\306\100\000\040\254\260\254\374\000\040\254\160\274\204\261\014\302\244}{}% 31
\BOOKMARK [1][-]{section.15}{\376\377\307\044\271\254\306\100\000\040\254\020\302\334\000\040\307\004\325\330}{}% 32
\BOOKMARK [1][-]{section.16}{\376\377\307\254\326\004\000\040\254\000\262\245\301\061}{}% 33
\BOOKMARK [1][-]{section.17}{\376\377\254\260\270\140}{}% 34
\BOOKMARK [1][-]{appendix.A}{\376\377\305\360\255\154\000\040\275\210\274\300\310\160\254\164\000\040\274\364\311\235\000\040\325\211\270\054}{}% 35
\BOOKMARK [2][-]{subsection.A.1}{\376\377\263\124\000\040\254\025\325\134\000\040\310\374\307\245\305\320\000\040\325\104\306\224\325\134\000\040\311\235\254\160}{appendix.A}% 36
